01-04 01:12:42.840  2249  2249 D DCT-C-0 : service state={mVoiceRegState=0(IN_SERVICE), mDataRegState=0(IN_SERVICE), mChannelNumber=1350, duplexMode()=1, mCellBandwidths=[20000], mOperatorAlphaLong=I TIM, mOperatorAlphaShort=TIM, isManualNetworkSelection=false(automatic), getRilVoiceRadioTechnology=14(LTE), getRilDataRadioTechnology=14(LTE), mCssIndicator=unsupported, mNetworkId=-1, mSystemId=-1, mCdmaRoamingIndicator=-1, mCdmaDefaultRoamingIndicator=-1, mIsEmergencyOnly=false, isUsingCarrierAggregation=false, mLteEarfcnRsrpBoost=0, mNetworkRegistrationInfos=[NetworkRegistrationInfo{ domain=PS transportType=WLAN registrationState=NOT_REG_OR_SEARCHING roamingType=NOT_ROAMING accessNetworkTechnology=IWLAN rejectCause=0 emergencyEnabled=false availableServices=[] cellIdentity=null voiceSpecificInfo=null dataSpecificInfo=null nrState=NONE rRplmn=}, NetworkRegistrationInfo{ domain=CS transportType=WWAN registrationState=HOME roamingType=NOT_ROAMING accessNetworkTechnology=LTE rejectCause=0 emergencyEnabled=false availableServices=[VOICE,SMS,VIDEO] cellIdentity=CellIdentityLte:{ mCi=128037895 mPci=177 mTac=9019 mEarfcn=1350 mBands=[3] mBandwidth=20000 mMcc=222 mMnc=01 mAlphaLong=I TIM mAlphaShort=TIM mAdditionalPlmns={} mCsgInfo=null} voiceSpecificInfo=VoiceSpecificRegistrationInfo { mCssSupported=false mRoamingIndicator=0 mSystemIsInPrl=0 mDefaultRoamingIndicator=0} dataSpecificInfo=null nrState=NONE rRplmn=22201}, NetworkRegistrationInfo{ domain=PS transportType=WWAN registrationState=HOME roamingType=NOT_ROAMING accessNetworkTechnology=LTE rejectCause=0 emergencyEnabled=false availableServices=[DATA] cellIdentity=CellIdentityLte:{ mCi=128037895 mPci=177 mTac=9019 mEarfcn=1350 mBands=[3] mBandwidth=20000 mMcc=222 mMnc=01 mAlphaLong=I TIM mAlphaShort=TIM mAdditionalPlmns={} mCsgInfo=null} voiceSpecificInfo=null dataSpecificInfo=android.telephony.DataSpecificRegistrationInfo :{ maxDataCalls = 16 isDcNrRestricted = true isNrAvailable = true isEnDcAvailable = true LteVopsSupportInfo :  mVopsSupport = 2 mEmcBearerSupport = 2 mIsUsingCarrierAggregation = false } nrState=RESTRICTED rRplmn=22201}], mNrFrequencyRange=0, mOperatorAlphaLongRaw=I TIM, mOperatorAlphaShortRaw=TIM, mIsDataRoamingFromRegistration=false, mIsIwlanPreferred=false}
01-04 01:12:42.840  2249  2249 D DCT-C-0 : buildWaitingApns: E requestedApnType=ims
01-04 01:12:42.841  2249  2249 D TelephonyProvider: Using old permission behavior for telephony provider compat
01-04 01:12:42.841  2249  2249 D TelephonyProvider: subIdString = 1 subId = 1
01-04 01:12:42.850  2249  2249 D DCT-C-0 : getPreferredApn: For APN type default found apnSetting [ApnSettingV7] TIM IT, 295, 22201, ibox.tim.it, , null, , null, null, -1, supl | hipri | default, IP, IP, true, 0, false, 0, 0, 0, 0, null, , false, 0, 0, -1, -1
01-04 01:12:42.853  2249  2249 D DCT-C-0 : buildWaitingApns: usePreferred=true canSetPreferApn=true mPreferredApn=[ApnSettingV7] TIM IT, 295, 22201, ibox.tim.it, , null, , null, null, -1, supl | hipri | default, IP, IP, true, 0, false, 0, 0, 0, 0, null, , false, 0, 0, -1, -1 operator=22201 radioTech=14
01-04 01:12:42.853  2249  2249 D DCT-C-0 : buildWaitingApns: mAllApnSettings=[[ApnSettingV7] TIM IT, 295, 22201, ibox.tim.it, , null, , null, null, -1, supl | hipri | default, IP, IP, true, 0, false, 0, 0, 0, 0, null, , false, 0, 0, -1, -1, [ApnSettingV7] TIM IT WAP, 296, 22201, wap.tim.it, , null, , null, null, 1, supl | hipri | default, IP, IP, true, 0, false, 0, 0, 0, 0, null, , false, 0, 0, -1, -1, [ApnSettingV7] TIM MMS, 297, 22201, mms.tim.it, , http://mms.tim.it/servlets/mms, 213.230.130.89, 80, null, -1, mms, IP, IP, true, 0, false, 0, 0, 0, 0, null, , false, 0, 0, -1, -1, [ApnSettingV7] iTIM, 298, 22201, unico.tim.it, 213.230.130.89, http://mms.tim.it/servlets/mms, 213.230.130.89, 80, 80, -1, mms, IP, IP, true, 0, false, 0, 0, 0, 0, null, , false, 0, 0, -1, -1, [ApnSettingV7] Tiscali INTERNET, 299, 22201, tiscalimobileinternet, , null, , null, null, -1, supl | hipri | default, IP, IP, true, 0, false, 0, 0, 0, 0, null, , false, 0, 0, -1, -1, [ApnSettingV7] Tiscali MMS, 300, 22201, tiscalimobilemms, , http://mms.tiscali.mobi/servlets/mms, 213.230.130.89, 80, null, -1, mms, IP, IP, true, 0, false, 0, 0, 0, 0, null, , false, 0, 0, -1, -1, [ApnSettingV7] Freedom Mobile E911, 1091, 302490, e911.mobilefrdm.ca, , null, , null, null, -1, emergency, IPV4V6, IP, true, 0, false, 0, 0, 0, 0, null, , false, 0, 0, -1, -1]
01-04 01:12:42.853  2249  2249 D TelephonyProvider: Using old permission behavior for telephony provider compat
01-04 01:12:42.853  2249  2249 D TelephonyProvider: subIdString = 1 subId = 1
01-04 01:12:42.853  2249  2249 E DCT-C-0 : getPreferredApnSetId: cursor is null
01-04 01:12:42.853  2249  2249 D DCT-C-0 : buildWaitingApns: 0 APNs in the list: []
01-04 01:12:42.854  2249  2249 D DCT-C-0 : trySetupData: X No APN found retValue=false
01-04 01:12:42.855  2249  2249 D ImsPhone: [0] handleMessage what=65
01-04 01:12:42.855  2249  2249 D ImsPhone: [0] EVENT_DEFAULT_PHONE_DATA_STATE_CHANGED
01-04 01:12:42.856  2249  2249 D ImsPhone: [0] updateDataServiceState: defSs = {mVoiceRegState=0(IN_SERVICE), mDataRegState=0(IN_SERVICE), mChannelNumber=1350, duplexMode()=1, mCellBandwidths=[20000], mOperatorAlphaLong=I TIM, mOperatorAlphaShort=TIM, isManualNetworkSelection=false(automatic), getRilVoiceRadioTechnology=14(LTE), getRilDataRadioTechnology=14(LTE), mCssIndicator=unsupported, mNetworkId=-1, mSystemId=-1, mCdmaRoamingIndicator=-1, mCdmaDefaultRoamingIndicator=-1, mIsEmergencyOnly=false, isUsingCarrierAggregation=false, mLteEarfcnRsrpBoost=0, mNetworkRegistrationInfos=[NetworkRegistrationInfo{ domain=PS transportType=WLAN registrationState=NOT_REG_OR_SEARCHING roamingType=NOT_ROAMING accessNetworkTechnology=IWLAN rejectCause=0 emergencyEnabled=false availableServices=[] cellIdentity=null voiceSpecificInfo=null dataSpecificInfo=null nrState=NONE rRplmn=}, NetworkRegistrationInfo{ domain=CS transportType=WWAN registrationState=HOME roamingType=NOT_ROAMING accessNetworkTechnology=LTE rejectCause=0 emergencyEnabled=false availableServices=[VOICE,SMS,VIDEO] cellIdentity=CellIdentityLte:{ mCi=128037895 mPci=177 mTac=9019 mEarfcn=1350 mBands=[3] mBandwidth=20000 mMcc=222 mMnc=01 mAlphaLong=I TIM mAlphaShort=TIM mAdditionalPlmns={} mCsgInfo=null} voiceSpecificInfo=VoiceSpecificRegistrationInfo { mCssSupported=false mRoamingIndicator=0 mSystemIsInPrl=0 mDefaultRoamingIndicator=0} dataSpecificInfo=null nrState=NONE rRplmn=22201}, NetworkRegistrationInfo{ domain=PS transportType=WWAN registrationState=HOME roamingType=NOT_ROAMING accessNetworkTechnology=LTE rejectCause=0 emergencyEnabled=false availableServices=[DATA] cellIdentity=CellIdentityLte:{ mCi=128037895 mPci=177 mTac=9019 mEarfcn=1350 mBands=[3] mBandwidth=20000 mMcc=222 mMnc=01 mAlphaLong=I TIM mAlphaShort=TIM mAdditionalPlmns={} mCsgInfo=null} voiceSpecificInfo=null dataSpecificInfo=android.telephony.DataSpecificRegistrationInfo :{ maxDataCalls = 16 isDcNrRestricted = true isNrAvailable = true isEnDcAvailable = true LteVopsSupportInfo :  mVopsSupport = 2 mEmcBearerSupport = 2 mIsUsingCarrierAggregation = false } nrState=RESTRICTED rRplmn=22201}], mNrFrequencyRange=0, mOperatorAlphaLongRaw=I TIM, mOperatorAlphaShortRaw=TIM, mIsDataRoamingFromRegistration=false, mIsIwlanPreferred=false} imsSs = {mVoiceRegState=0(IN_SERVICE), mDataRegState=0(IN_SERVICE), mChannelNumber=-1, duplexMode()=0, mCellBandwidths=[], mOperatorAlphaLong=null, mOperatorAlphaShort=null, isManualNetworkSelection=false(automatic), getRilVoiceRadioTechnology=0(Unknown), getRilDataRadioTechnology=14(LTE), mCssIndicator=unsupported, mNetworkId=-1, mSystemId=-1, mCdmaRoamingIndicator=-1, mCdmaDefaultRoamingIndicator=-1, mIsEmergencyOnly=false, isUsingCarrierAggregation=false, mLteEarfcnRsrpBoost=0, mNetworkRegistrationInfos=[NetworkRegistrationInfo{ domain=CS transportType=WWAN registrationState=UNKNOWN roamingType=NOT_ROAMING accessNetworkTechnology=UNKNOWN rejectCause=0 emergencyEnabled=false availableServices=[] cellIdentity=null voiceSpecificInfo=null dataSpecificInfo=null nrState=NONE rRplmn=}, NetworkRegistrationInfo{ domain=PS transportType=WLAN registrationState=NOT_REG_OR_SEARCHING roamingType=NOT_ROAMING accessNetworkTechnology=IWLAN rejectCause=0 emergencyEnabled=false availableServices=[] cellIdentity=null voiceSpecificInfo=null dataSpecificInfo=null nrState=NONE rRplmn=}, NetworkRegistrationInfo{ domain=PS transportType=WWAN registrationState=HOME roamingType=NOT_ROAMING accessNetworkTechnology=LTE rejectCause=0 emergencyEnabled=false availableServices=[DATA] cellIdentity=CellIdentityLte:{ mCi=128037895 mPci=177 mTac=9019 mEarfcn=1350 mBands=[3] mBandwidth=20000 mMcc=222 mMnc=01 mAlphaLong=I TIM mAlphaShort=TIM mAdditionalPlmns={} mCsgInfo=null} voiceSpecificInfo=null dataSpecificInfo=android.telephony.DataSpecificRegistrationInfo :{ maxDataCalls = 16 isDcNrRestricted = true isNrAvailable = true isEnDcAvailable = true LteVopsSupportInfo :  mVopsSupport = 2 mEmcBearerSupport = 2 mIsUsingCarrierAggregation = false } nrState=RESTRICTED rRplmn=22201}], mNrFrequencyRange=0, mOperatorAlphaLong
01-04 01:12:42.856  2249  2249 D NetworkTypeController: [0] LegacyState: process EVENT_DATA_RAT_CHANGED
01-04 01:12:42.872  1289  1665 I netstats_mobile_sample: [11832247,9514,734132,2766,11832247,9514,734132,2766,11711751,9909,734132,2766,1672791163139]
01-04 01:12:42.872  1289  1665 I netstats_wifi_sample: [0,0,0,0,0,0,0,0,0,0,0,0,1672791163139]
01-04 01:12:42.879  2223  3185 D QCNEJ/WwanInfoRelay: onLinkPropertiesChanged: 100{InterfaceName: rmnet_data2 LinkAddresses: [ 10.58.1.254/30 ] DnsAddresses: [ /217.200.201.67,/217.200.201.66 ] Domains: null MTU: 1500 TcpBufferSizes: 4096,6291456,12582912,4096,1048576,2097152 Routes: [ 0.0.0.0/0 -> 10.58.1.253 rmnet_data2 mtu 1500,10.58.1.252/30 -> 0.0.0.0 rmnet_data2 mtu 0 ]}
01-04 01:12:42.951  1289  1665 I netstats_mobile_sample: [11832247,9514,734132,2766,11832247,9514,734132,2766,11711751,9909,734132,2766,1672791163218]
01-04 01:12:42.952  1289  1665 I netstats_wifi_sample: [0,0,0,0,0,0,0,0,0,0,0,0,1672791163218]
01-04 01:12:42.970  2223  3185 D QCNEJ/WwanInfoRelay: onLinkPropertiesChanged: 100{InterfaceName: rmnet_data2 LinkAddresses: [ 10.58.1.254/30 ] DnsAddresses: [ /217.200.201.67,/217.200.201.66 ] Domains: null MTU: 1500 TcpBufferSizes: 2097152,4194304,8388608,262144,524288,1048576 Routes: [ 0.0.0.0/0 -> 10.58.1.253 rmnet_data2 mtu 1500,10.58.1.252/30 -> 0.0.0.0 rmnet_data2 mtu 0 ]}
01-04 01:12:46.730  1720  7069 D PowerUI : can't show warning due to - plugged: true status unknown: false
01-04 01:13:05.629  2747  4641 V NativeCrypto: SSL shutdown failed: ssl=0xb40000729a33e7d8: I/O error during system call, Broken pipe
01-04 01:13:14.205  1720  2450 D PowerUI : can't show warning due to - plugged: true status unknown: false
01-04 01:13:16.969  1720  3666 D PowerUI : can't show warning due to - plugged: true status unknown: false
01-04 01:13:22.200  2249  2249 D LocaleTracker-1: Operator numeric changes to ""
01-04 01:13:22.201  2249  2249 D LocaleTracker-1: updateLocale: countryIso = , countryIsoDebugInfo = getCarrierCountry()
01-04 01:13:22.202  2249  2249 D LocaleTracker-1: updateLocale: timeZoneCountryIso = , timeZoneCountryIsoDebugInfo = Defaulted: getCarrierCountry()
01-04 01:13:22.202  2249  2249 D NewNitzStateMachineImpl: handleCountryUnavailable: mLatestNitzSignal=null
01-04 01:13:22.202  2249  2249 D NewNitzStateMachineImpl: doTimeZoneDetection: countryIsoCode=null, nitzSignal=null, suggestion=TelephonyTimeZoneSuggestion{mSlotIndex=1, mZoneId='null', mMatchType=0, mQuality=0, mDebugInfo=[getTimeZoneSuggestion: nitzSignal=null, countryIsoCode=null, Detection reason=handleCountryUnavailable()]}, reason=handleCountryUnavailable()
01-04 01:13:25.728  3329  3821 I A       : Started new service configuration
01-04 01:13:25.736  3329  3838 I NLUFF   : Incoming RPC ngaOnlyConfigure [CONTEXT rpc_id=24 ]
01-04 01:13:25.737  3329  3838 I NLUFF   : RPC processing completed [CONTEXT rpc_id=24 ]
01-04 01:13:25.738  3329  3838 I A       : Successfully configured the service
^[[A^C
130|Nord:/ $ logcat --color -b all | grep -i smart                                                                                                                                                                
01-04 01:03:30.797  1289  1388 I am_proc_start: [0,5121,10139,com.google.android.apps.turbo:aab,broadcast,{com.google.android.apps.turbo/com.google.android.libraries.smartbattery.appusage.library.BootReceiver}]
01-04 01:03:30.797  1289  1388 I ActivityManager: Start proc 5121:com.google.android.apps.turbo:aab/u0a139 for broadcast {com.google.android.apps.turbo/com.google.android.libraries.smartbattery.appusage.library.BootReceiver}
01-04 01:03:30.956  1289  1388 I am_proc_start: [0,5163,10139,com.google.android.apps.turbo:ssb,broadcast,{com.google.android.apps.turbo/com.google.android.libraries.smartbattery.brightness.library.BootReceiver}]
01-04 01:03:30.956  1289  1388 I ActivityManager: Start proc 5163:com.google.android.apps.turbo:ssb/u0a139 for broadcast {com.google.android.apps.turbo/com.google.android.libraries.smartbattery.brightness.library.BootReceiver}
01-04 01:03:39.931  1289  1388 I am_proc_start: [0,6484,10139,com.google.android.apps.turbo:aab,broadcast,{com.google.android.apps.turbo/com.google.android.libraries.smartbattery.appusage.library.PhenotypeUpdatedReceiver}]
01-04 01:03:39.931  1289  1388 I ActivityManager: Start proc 6484:com.google.android.apps.turbo:aab/u0a139 for broadcast {com.google.android.apps.turbo/com.google.android.libraries.smartbattery.appusage.library.PhenotypeUpdatedReceiver}
01-04 01:03:40.042  1289  1388 I am_proc_start: [0,6511,10139,com.google.android.apps.turbo:ssb,broadcast,{com.google.android.apps.turbo/com.google.android.libraries.smartbattery.brightness.library.PhenotypeUpdatedReceiver}]
01-04 01:03:40.042  1289  1388 I ActivityManager: Start proc 6511:com.google.android.apps.turbo:ssb/u0a139 for broadcast {com.google.android.apps.turbo/com.google.android.libraries.smartbattery.brightness.library.PhenotypeUpdatedReceiver}
01-04 01:05:31.036  1289  1388 I am_proc_start: [0,7351,10139,com.google.android.apps.turbo:aab,service,{com.google.android.apps.turbo/com.google.android.libraries.smartbattery.appusage.library.InferAppBucketsJob}]
01-04 01:05:31.036  1289  1388 I ActivityManager: Start proc 7351:com.google.android.apps.turbo:aab/u0a139 for service {com.google.android.apps.turbo/com.google.android.libraries.smartbattery.appusage.library.InferAppBucketsJob}
^C
130|Nord:/ $ logcat --color -b all | grep -i sim                                                                                                                                                                  
01-04 01:03:22.268  1289  2102 I Telecom : CallsManager: handlePhoneAccountChanged: phoneAccount=[[X] PhoneAccount: ComponentInfo{com.android.phone/com.android.services.telephony.TelephonyConnectionService}, ***, UserHandle{0} Capabilities: SuppVideo CallProvider MultiUser PlaceEmerg SimSub  Audio Routes: BESW Schemes: tel voicemail  Extras: Bundle[{android.telecom.extra.SUPPORTS_VIDEO_CALLING_FALLBACK=true}] GroupId: ***]: TSI.rPA@AA0
01-04 01:03:22.299  1289  2054 I Telecom : CallsManager: handlePhoneAccountChanged: phoneAccount=[[X] PhoneAccount: ComponentInfo{com.android.phone/com.android.services.telephony.TelephonyConnectionService}, ***, UserHandle{0} Capabilities: SuppVideo CallProvider MultiUser PlaceEmerg SimSub  Audio Routes: BESW Schemes: tel voicemail  Extras: Bundle[{android.telecom.extra.SUPPORTS_VIDEO_CALLING_FALLBACK=true}] GroupId: ***]: TSI.rPA@AA8
01-04 01:03:22.315  1289  2054 I Telecom : CallsManager: handlePhoneAccountChanged: phoneAccount=[[X] PhoneAccount: ComponentInfo{com.android.phone/com.android.services.telephony.TelephonyConnectionService}, ***, UserHandle{0} Capabilities: SuppVideo CallProvider MultiUser PlaceEmerg SimSub  Audio Routes: BESW Schemes: tel voicemail  Extras: Bundle[{android.telecom.extra.SUPPORTS_VIDEO_CALLING_FALLBACK=true}] GroupId: ***]: TSI.rPA@ABE
01-04 01:03:22.329  1289  2102 I Telecom : CallsManager: handlePhoneAccountChanged: phoneAccount=[[X] PhoneAccount: ComponentInfo{com.android.phone/com.android.services.telephony.TelephonyConnectionService}, ***, UserHandle{0} Capabilities: SuppVideo CallProvider MultiUser PlaceEmerg SimSub  Audio Routes: BESW Schemes: tel voicemail  Extras: Bundle[{android.telecom.extra.SUPPORTS_VIDEO_CALLING_FALLBACK=true}] GroupId: ***]: TSI.rPA@ABM
01-04 01:03:22.396  1289  1519 I Telecom : CallsManager: handlePhoneAccountChanged: phoneAccount=[[X] PhoneAccount: ComponentInfo{com.android.phone/com.android.services.telephony.TelephonyConnectionService}, ***, UserHandle{0} Capabilities: SuppVideo CallProvider MultiUser PlaceEmerg SimSub  Audio Routes: BESW Schemes: tel voicemail  Extras: Bundle[{android.telecom.extra.SUPPORTS_VIDEO_CALLING_FALLBACK=true}] GroupId: ***]: TSI.rPA@ABU
01-04 01:03:22.447  1289  1325 I Telecom : CallsManager: handlePhoneAccountChanged: phoneAccount=[[X] PhoneAccount: ComponentInfo{com.android.phone/com.android.services.telephony.TelephonyConnectionService}, ***, UserHandle{0} Capabilities: SuppVideo CallProvider MultiUser PlaceEmerg SimSub  Audio Routes: BESW Schemes: tel voicemail  Extras: Bundle[{android.telecom.extra.SUPPORTS_VIDEO_CALLING_FALLBACK=true}] GroupId: ***]: TSI.rPA@ABY
01-04 01:03:22.533  1289  2054 I Telecom : CallsManager: handlePhoneAccountChanged: phoneAccount=[[X] PhoneAccount: ComponentInfo{com.android.phone/com.android.services.telephony.TelephonyConnectionService}, ***, UserHandle{0} Capabilities: SuppVideo CallProvider MultiUser PlaceEmerg SimSub  Audio Routes: BESW Schemes: tel voicemail  Extras: Bundle[{android.telecom.extra.SUPPORTS_VIDEO_CALLING_FALLBACK=true}] GroupId: ***]: TSI.rPA@ABg
01-04 01:03:22.722  1289  1519 I Telecom : CallsManager: handlePhoneAccountChanged: phoneAccount=[[X] PhoneAccount: ComponentInfo{com.android.phone/com.android.services.telephony.TelephonyConnectionService}, ***, UserHandle{0} Capabilities: SuppVideo CallProvider MultiUser PlaceEmerg SimSub  Audio Routes: BESW Schemes: tel voicemail  Extras: Bundle[{android.telecom.extra.SUPPORTS_VIDEO_CALLING_FALLBACK=true}] GroupId: ***]: TSI.rPA@ABk
01-04 01:03:22.737  1289  1519 I Telecom : CallsManager: handlePhoneAccountChanged: phoneAccount=[[X] PhoneAccount: ComponentInfo{com.android.phone/com.android.services.telephony.TelephonyConnectionService}, ***, UserHandle{0} Capabilities: SuppVideo CallProvider MultiUser PlaceEmerg SimSub  Audio Routes: BESW Schemes: tel voicemail  Extras: Bundle[{android.telecom.extra.SUPPORTS_VIDEO_CALLING_FALLBACK=true}] GroupId: ***]: TSI.rPA@ABs
01-04 01:03:22.763  1289  1519 I Telecom : CallsManager: handlePhoneAccountChanged: phoneAccount=[[X] PhoneAccount: ComponentInfo{com.android.phone/com.android.services.telephony.TelephonyConnectionService}, ***, UserHandle{0} Capabilities: SuppVideo CallProvider MultiUser PlaceEmerg SimSub  Audio Routes: BESW Schemes: tel voicemail  Extras: Bundle[{android.telecom.extra.SUPPORTS_VIDEO_CALLING_FALLBACK=true}] GroupId: ***]: TSI.rPA@AB0
01-04 01:03:22.837  1289  1289 I Telecom : PhoneAccountRegistrar: getSimCallManager: SimCallManager for subId -1 queried, returning: null: TSI.gSCMFU@AB4
01-04 01:03:22.871  1289  1519 I Telecom : CallsManager: handlePhoneAccountChanged: phoneAccount=[[X] PhoneAccount: ComponentInfo{com.android.phone/com.android.services.telephony.TelephonyConnectionService}, ***, UserHandle{0} Capabilities: SuppVideo CallProvider MultiUser PlaceEmerg SimSub  Audio Routes: BESW Schemes: tel voicemail  Extras: Bundle[{android.telecom.extra.SUPPORTS_VIDEO_CALLING_FALLBACK=true}] GroupId: ***]: TSI.rPA@ACA
01-04 01:03:22.944  1289  1519 I Telecom : CallsManager: handlePhoneAccountChanged: phoneAccount=[[X] PhoneAccount: ComponentInfo{com.android.phone/com.android.services.telephony.TelephonyConnectionService}, ***, UserHandle{0} Capabilities: SuppVideo CallProvider MultiUser PlaceEmerg SimSub  Audio Routes: BESW Schemes: tel voicemail  Extras: Bundle[{android.telecom.extra.SUPPORTS_VIDEO_CALLING_FALLBACK=true}] GroupId: ***]: TSI.rPA@ACI
01-04 01:03:24.396  1289  1615 I Telecom : CallsManager: handlePhoneAccountChanged: phoneAccount=[[X] PhoneAccount: ComponentInfo{com.android.phone/com.android.services.telephony.TelephonyConnectionService}, ***, UserHandle{0} Capabilities: SuppVideo CallProvider MultiUser PlaceEmerg SimSub  Audio Routes: BESW Schemes: tel voicemail  Extras: Bundle[{android.telecom.extra.SUPPORTS_VIDEO_CALLING_FALLBACK=true}] GroupId: ***]: TSI.rPA@ACQ
01-04 01:03:24.435  1289  2054 I Telecom : CallsManager: handlePhoneAccountChanged: phoneAccount=[[X] PhoneAccount: ComponentInfo{com.android.phone/com.android.services.telephony.TelephonyConnectionService}, ***, UserHandle{0} Capabilities: SuppVideo CallProvider MultiUser PlaceEmerg SimSub  Audio Routes: BESW Schemes: tel voicemail  Extras: Bundle[{android.telecom.extra.SUPPORTS_VIDEO_CALLING_FALLBACK=true}] GroupId: ***]: TSI.rPA@ACc
01-04 01:03:25.871  1289  3421 I Telecom : PhoneAccountRegistrar: New phone account registered: [[ ] PhoneAccount: ComponentInfo{com.android.phone/com.android.services.telephony.TelephonyConnectionService}, ***, UserHandle{0} Capabilities: SuppVideo CallProvider MultiUser PlaceEmerg SimSub  Audio Routes: BESW Schemes: tel voicemail  Extras: Bundle[{android.telecom.extra.SUPPORTS_VIDEO_CALLING_FALLBACK=true, android.telecom.extra.SORT_ORDER=0}] GroupId: ***]: TSI.rPA@ACg
01-04 01:03:25.924  1289  2054 I Telecom : CallsManager: handlePhoneAccountChanged: phoneAccount=[[X] PhoneAccount: ComponentInfo{com.android.phone/com.android.services.telephony.TelephonyConnectionService}, ***, UserHandle{0} Capabilities: SuppVideo CallProvider MultiUser PlaceEmerg SimSub  Audio Routes: BESW Schemes: tel voicemail  Extras: Bundle[{android.telecom.extra.SUPPORTS_VIDEO_CALLING_FALLBACK=true, android.telecom.extra.SORT_ORDER=0}] GroupId: ***]: TSI.rPA@ACs
01-04 01:03:25.950  1289  3379 I Telecom : CallsManager: handlePhoneAccountChanged: phoneAccount=[[X] PhoneAccount: ComponentInfo{com.android.phone/com.android.services.telephony.TelephonyConnectionService}, ***, UserHandle{0} Capabilities: SuppVideo CallProvider MultiUser PlaceEmerg SimSub  Audio Routes: BESW Schemes: tel voicemail  Extras: Bundle[{android.telecom.extra.SUPPORTS_VIDEO_CALLING_FALLBACK=true, android.telecom.extra.SORT_ORDER=0}] GroupId: ***]: TSI.rPA@AC0
01-04 01:03:25.967  1289  3379 I Telecom : CallsManager: handlePhoneAccountChanged: phoneAccount=[[X] PhoneAccount: ComponentInfo{com.android.phone/com.android.services.telephony.TelephonyConnectionService}, ***, UserHandle{0} Capabilities: SuppVideo CallProvider MultiUser PlaceEmerg SimSub  Audio Routes: BESW Schemes: tel voicemail  Extras: Bundle[{android.telecom.extra.SUPPORTS_VIDEO_CALLING_FALLBACK=true, android.telecom.extra.SORT_ORDER=0}] GroupId: ***]: TSI.rPA@ADE
01-04 01:03:25.980  1289  3399 I Telecom : CallsManager: handlePhoneAccountChanged: phoneAccount=[[X] PhoneAccount: ComponentInfo{com.android.phone/com.android.services.telephony.TelephonyConnectionService}, ***, UserHandle{0} Capabilities: SuppVideo CallProvider MultiUser PlaceEmerg SimSub  Audio Routes: BESW Schemes: tel voicemail  Extras: Bundle[{android.telecom.extra.SUPPORTS_VIDEO_CALLING_FALLBACK=true, android.telecom.extra.SORT_ORDER=0}] GroupId: ***]: TSI.rPA@ADM
01-04 01:03:26.002  1289  3399 I Telecom : CallsManager: handlePhoneAccountChanged: phoneAccount=[[X] PhoneAccount: ComponentInfo{com.android.phone/com.android.services.telephony.TelephonyConnectionService}, ***, UserHandle{0} Capabilities: SuppVideo CallProvider MultiUser PlaceEmerg SimSub  Audio Routes: BESW Schemes: tel voicemail  Extras: Bundle[{android.telecom.extra.SUPPORTS_VIDEO_CALLING_FALLBACK=true, android.telecom.extra.SORT_ORDER=0}] GroupId: ***]: TSI.rPA@ADU
01-04 01:03:26.031  1289  3379 I Telecom : CallsManager: handlePhoneAccountChanged: phoneAccount=[[X] PhoneAccount: ComponentInfo{com.android.phone/com.android.services.telephony.TelephonyConnectionService}, ***, UserHandle{0} Capabilities: SuppVideo CallProvider MultiUser PlaceEmerg SimSub  Audio Routes: BESW Schemes: tel voicemail  Extras: Bundle[{android.telecom.extra.SUPPORTS_VIDEO_CALLING_FALLBACK=true, android.telecom.extra.SORT_ORDER=0}] GroupId: ***]: TSI.rPA@ADc
01-04 01:03:26.100  1289  3421 I Telecom : CallsManager: handlePhoneAccountChanged: phoneAccount=[[X] PhoneAccount: ComponentInfo{com.android.phone/com.android.services.telephony.TelephonyConnectionService}, ***, UserHandle{0} Capabilities: SuppVideo CallProvider MultiUser PlaceEmerg SimSub  Audio Routes: BESW Schemes: tel voicemail  Extras: Bundle[{android.telecom.extra.SUPPORTS_VIDEO_CALLING_FALLBACK=true, android.telecom.extra.SORT_ORDER=0}] GroupId: ***]: TSI.rPA@ADk
01-04 01:03:26.147  1289  3379 I Telecom : CallsManager: handlePhoneAccountChanged: phoneAccount=[[X] PhoneAccount: ComponentInfo{com.android.phone/com.android.services.telephony.TelephonyConnectionService}, ***, UserHandle{0} Capabilities: SuppVideo CallProvider MultiUser PlaceEmerg SimSub  Audio Routes: BESW Schemes: tel voicemail  Extras: Bundle[{android.telecom.extra.SUPPORTS_VIDEO_CALLING_FALLBACK=true, android.telecom.extra.SORT_ORDER=0}] GroupId: ***]: TSI.rPA@ADs
01-04 01:03:26.188  1289  3399 I Telecom : CallsManager: handlePhoneAccountChanged: phoneAccount=[[X] PhoneAccount: ComponentInfo{com.android.phone/com.android.services.telephony.TelephonyConnectionService}, ***, UserHandle{0} Capabilities: SuppVideo CallProvider MultiUser PlaceEmerg SimSub  Audio Routes: BESW Schemes: tel voicemail  Extras: Bundle[{android.telecom.extra.SUPPORTS_VIDEO_CALLING_FALLBACK=true, android.telecom.extra.SORT_ORDER=0}] GroupId: ***]: TSI.rPA@AD0
01-04 01:03:26.475  1289  1615 I Telecom : CallsManager: handlePhoneAccountChanged: phoneAccount=[[X] PhoneAccount: ComponentInfo{com.android.phone/com.android.services.telephony.TelephonyConnectionService}, ***, UserHandle{0} Capabilities: SuppVideo CallProvider MultiUser PlaceEmerg SimSub  Audio Routes: BESW Schemes: tel voicemail  Extras: Bundle[{android.telecom.extra.SUPPORTS_VIDEO_CALLING_FALLBACK=true, android.telecom.extra.SORT_ORDER=0}] GroupId: ***]: TSI.rPA@AHQ
01-04 01:03:26.581  1289  1325 I Telecom : CallsManager: handlePhoneAccountChanged: phoneAccount=[[X] PhoneAccount: ComponentInfo{com.android.phone/com.android.services.telephony.TelephonyConnectionService}, ***, UserHandle{0} Capabilities: SuppVideo CallProvider MultiUser PlaceEmerg SimSub  Audio Routes: BESW Schemes: tel voicemail  Extras: Bundle[{android.telecom.extra.SUPPORTS_VIDEO_CALLING_FALLBACK=true, android.telecom.extra.SORT_ORDER=0}] GroupId: ***]: TSI.rPA@AIc
01-04 01:03:26.646  1289  1289 I Telecom : PhoneAccountRegistrar: getSimCallManager: SimCallManager for subId 1 queried, returning: null: TSI.gSCMFU@AJA
01-04 01:03:26.684  1289  3399 I Telecom : CallsManager: handlePhoneAccountChanged: phoneAccount=[[X] PhoneAccount: ComponentInfo{com.android.phone/com.android.services.telephony.TelephonyConnectionService}, ***, UserHandle{0} Capabilities: SuppVideo CallProvider MultiUser PlaceEmerg SimSub  Audio Routes: BESW Schemes: tel voicemail  Extras: Bundle[{android.telecom.extra.SUPPORTS_VIDEO_CALLING_FALLBACK=true, android.telecom.extra.SORT_ORDER=0}] GroupId: ***]: TSI.rPA@AJs
01-04 01:03:27.299  1289  1615 I Telecom : CallsManager: handlePhoneAccountChanged: phoneAccount=[[X] PhoneAccount: ComponentInfo{com.android.phone/com.android.services.telephony.TelephonyConnectionService}, ***, UserHandle{0} Capabilities: SuppVideo CallProvider MultiUser PlaceEmerg SimSub  Audio Routes: BESW Schemes: tel voicemail  Extras: Bundle[{android.telecom.extra.SUPPORTS_VIDEO_CALLING_FALLBACK=true, android.telecom.extra.SORT_ORDER=0}] GroupId: ***]: TSI.rPA@AKg
01-04 01:03:27.340  1289  1289 I Telecom : PhoneAccountRegistrar: getSimCallManager: SimCallManager for subId 1 queried, returning: null: TSI.gSCMFU@AKo
01-04 01:03:27.426  1289  3399 I Telecom : CallsManager: handlePhoneAccountChanged: phoneAccount=[[X] PhoneAccount: ComponentInfo{com.android.phone/com.android.services.telephony.TelephonyConnectionService}, ***, UserHandle{0} Capabilities: SuppVideo CallProvider MultiUser PlaceEmerg SimSub  Audio Routes: BESW Schemes: tel voicemail  Extras: Bundle[{android.telecom.extra.SUPPORTS_VIDEO_CALLING_FALLBACK=true, android.telecom.extra.SORT_ORDER=0}] GroupId: ***]: TSI.rPA@AKw
01-04 01:03:27.792  1289  1289 I Telecom : PhoneAccountRegistrar: getSimCallManager: SimCallManager for subId 1 queried, returning: null: TSI.gSCMFU@ALs
01-04 01:03:36.077  1289  1519 W ActivityManager: Background start not allowed: service Intent { act=android.intent.action.SIM_STATE_CHANGED cmp=com.verizon.mips.services/com.verizon.vzwavs.AVSImplicitBroadcastService (has extras) } to com.verizon.mips.services/com.verizon.vzwavs.AVSImplicitBroadcastService from pid=5947 uid=10136 pkg=com.verizon.mips.services startFg?=false
01-04 01:03:36.351  1289  3368 W ActivityManager: Background start not allowed: service Intent { act=android.intent.action.SIM_STATE_CHANGED cmp=com.verizon.mips.services/com.verizon.vzwavs.AVSImplicitBroadcastService (has extras) } to com.verizon.mips.services/com.verizon.vzwavs.AVSImplicitBroadcastService from pid=5947 uid=10136 pkg=com.verizon.mips.services startFg?=false
01-04 01:03:37.036  1289  2100 W ActivityManager: Background start not allowed: service Intent { act=android.intent.action.SIM_STATE_CHANGED cmp=com.verizon.mips.services/com.verizon.vzwavs.AVSImplicitBroadcastService (has extras) } to com.verizon.mips.services/com.verizon.vzwavs.AVSImplicitBroadcastService from pid=5947 uid=10136 pkg=com.verizon.mips.services startFg?=false
01-04 01:03:37.257  5989  5989 W ContextImpl: Calling a method in the system process without a qualified user: android.app.ContextImpl.startActivity:993 android.content.ContextWrapper.startActivity:403 android.content.ContextWrapper.startActivity:403 com.android.settings.sim.SimSelectNotification.startSimSelectDialogIfNeeded:170 com.android.settings.sim.SimSelectNotification.onPrimarySubscriptionListChanged:150 
01-04 01:03:37.258  5989  5989 W ContextImpl: Calling a method in the system process without a qualified user: android.app.ContextImpl.startActivity:1005 android.app.ContextImpl.startActivity:994 android.content.ContextWrapper.startActivity:403 android.content.ContextWrapper.startActivity:403 com.android.settings.sim.SimSelectNotification.startSimSelectDialogIfNeeded:170 
01-04 01:03:37.261  1289  2054 I ActivityTaskManager: START u0 {flg=0x10000000 cmp=com.android.settings/.sim.SimDialogActivity (has extras)} from uid 1000
01-04 01:03:37.274  1289  2054 I wm_create_activity: [0,112076129,32,com.android.settings/.sim.SimDialogActivity,NULL,NULL,NULL,276824064]
01-04 01:03:37.277  1289  2054 I wm_restart_activity: [0,112076129,32,com.android.settings/.sim.SimDialogActivity]
01-04 01:03:37.278  1289  2054 I wm_set_resumed_activity: [0,com.android.settings/.sim.SimDialogActivity,minimalResumeActivityLocked]
01-04 01:03:37.278  1289  2054 I wm_add_to_stopping: [0,112076129,com.android.settings/.sim.SimDialogActivity,makeInvisible]
01-04 01:03:37.279  1289  2054 I wm_pause_activity: [0,112076129,com.android.settings/.sim.SimDialogActivity,userLeaving=false]
01-04 01:03:37.319  1289  3399 I wm_finish_activity: [0,112076129,32,com.android.settings/.sim.SimDialogActivity,finish-activity]
01-04 01:03:37.323  5989  5989 I wm_on_create_called: [112076129,com.android.settings.sim.SimDialogActivity,performCreate]
01-04 01:03:37.339  1289  3368 I wm_destroy_activity: [0,112076129,32,com.android.settings/.sim.SimDialogActivity,finish-imm:completePausedLocked]
01-04 01:03:37.346  5989  5989 I wm_on_destroy_called: [112076129,com.android.settings.sim.SimDialogActivity,performDestroy]
01-04 01:03:37.349  1289  2054 I wm_task_removed: [32,removeChild: last r=ActivityRecord{6ae2561 u0 com.android.settings/.sim.SimDialogActivity t-1 f}} in t=Task{18fa886 #32 visible=false type=standard mode=fullscreen translucent=true A=1000:com.android.settings U=0 StackId=32 sz=0}]
01-04 01:06:41.933  7459  7459 I SecureElementService: Check if terminal SIM1 is available.
01-04 01:06:41.943  7459  7459 I android_os_HwBinder: HwBinder: Starting thread pool for getting: android.hardware.secure_element@1.2::ISecureElement/SIM1
01-04 01:06:41.950  7459  7459 I SecureElement-Terminal-SIM1: SIM1 was initialized
01-04 01:06:41.954  7459  7459 I SecureElementService: Check if terminal SIM2 is available.
01-04 01:06:41.955   605   605 I hwservicemanager: getTransport: Cannot find entry android.hardware.secure_element@1.2::ISecureElement/SIM2 in either framework or device manifest.
01-04 01:06:41.956  7459  7459 D SecureElement-Terminal-SIM2: SE Hal V1.2 is not supported
01-04 01:06:41.957   605   605 I hwservicemanager: getTransport: Cannot find entry android.hardware.secure_element@1.1::ISecureElement/SIM2 in either framework or device manifest.
01-04 01:06:41.957  7459  7459 D SecureElement-Terminal-SIM2: SE Hal V1.1 is not supported
01-04 01:06:41.958   605   605 I hwservicemanager: getTransport: Cannot find entry android.hardware.secure_element@1.0::ISecureElement/SIM2 in either framework or device manifest.
01-04 01:06:41.959  7459  7459 I SecureElementService: No HAL implementation for SIM2
01-04 01:06:44.958  7459  7479 I SecureElement-Terminal-SIM1: OnStateChange:true reason:Card has been detected
01-04 01:06:44.970  7459  7479 I SecureElement-AccessControlEnforcer: No ARA applet found in: SIM1
01-04 01:06:44.971  7459  7479 I SecureElement-PKCS15Handler: - Loading SIM1 rules...
01-04 01:06:45.101  7459  7479 I SecureElement-AccessControlEnforcer: No ARF found in: SIM1
01-04 01:06:45.101  7459  7479 I SecureElement-AccessControlEnforcer: Deny any access to:SIM1
01-04 01:10:33.158  7584  7650 I DialerTelephonyManagerCache: com.google.android.dialershared.telephony.TelephonyManagerCache.lambda$setUpNetworkMemoize$4:121 getSimCountryIso
01-04 01:10:33.160  7584  7647 I DialerLocaleProvider: com.android.dialer.callrecording.impl.localeprovider.LocaleProvider.getNetworkCountryMatchesSimCountryInternal:149 NetworkCountryCode: IT, SimCountryIso: IT
01-04 01:10:33.215  7584  7648 I DialerCountryCodeProvider: com.android.dialer.businessvoice.verifiedcall.impl.i18n.CountryCodeProvider.getSimCountryCodeInternal:85 returning Redacted-2-chars
01-04 01:16:00.127  2249  2392 D RadioConfigIndication: [UNSL]<  UNSOL_SIM_SLOT_STATUS_CHANGED [IccSlotStatus {CARDSTATE_PRESENT,SLOTSTATE_ACTIVE,logicalSlotIndex=0,atr=3b9f96801fc78031e073fe211b63d0022a831390002c,iccid=893901000[****],eid=}, IccSlotStatus {CARDSTATE_ABSENT,SLOTSTATE_ACTIVE,logicalSlotIndex=1,atr=,iccid=,eid=}]
01-04 01:16:00.128  7459  7479 I SecureElement-Terminal-SIM1: OnStateChange:false reason:Uim Card State absent
01-04 01:16:00.129  7459  7479 I SecureElement-AccessControlEnforcer: Reset the ACE for terminal:SIM1
01-04 01:16:00.130  2249  2392 D RadioConfigIndication: [UNSL]<  UNSOL_SIM_SLOT_STATUS_CHANGED [IccSlotStatus {CARDSTATE_ABSENT,SLOTSTATE_ACTIVE,logicalSlotIndex=0,atr=,iccid=,eid=}, IccSlotStatus {CARDSTATE_ABSENT,SLOTSTATE_ACTIVE,logicalSlotIndex=1,atr=,iccid=,eid=}]
01-04 01:16:00.139  1323  1647 W libc    : Unable to set property "odm.ril.radio.status.sim1" to "true": error code: 0x18
01-04 01:16:00.140  2249  2249 D SubscriptionInfoUpdater: updateInternalIccState to simStatus ABSENT reason null phoneId 0
01-04 01:16:00.141  1337  1912 W libc    : Unable to set property "odm.ril.radio.status.sim1" to "true": error code: 0x18
01-04 01:16:00.143  1323  1647 W libc    : Unable to set property "odm.ril.radio.status.sim2" to "false": error code: 0x18
01-04 01:16:00.144  1337  1912 W libc    : Unable to set property "odm.ril.radio.status.sim2" to "false": error code: 0x18
01-04 01:16:00.144  2249  2392 D RILJ    : [UNSL]< UNSOL_RESPONSE_SIM_STATUS_CHANGED [PHONE1]
01-04 01:16:00.147  1337  1912 W libc    : Unable to set property "odm.ril.radio.status.sim1" to "false": error code: 0x18
01-04 01:16:00.149  1337  1912 W libc    : Unable to set property "odm.ril.radio.status.sim2" to "false": error code: 0x18
01-04 01:16:00.152  2249  2249 D UiccCardApplication: APPTYPE_USIM being Disposed
01-04 01:16:00.153  1323  1647 W libc    : Unable to set property "odm.ril.radio.status.sim1" to "false": error code: 0x18
01-04 01:16:00.154  1323  1647 W libc    : Unable to set property "odm.ril.radio.status.sim2" to "false": error code: 0x18
01-04 01:16:00.157  2249  2249 D SIMRecords: [SIMRecords-0] Disposing SIMRecords this=SimRecords: mDestroyed=false mContext=com.android.phone.PhoneGlobals@86cb927 mCi=com.android.internal.telephony.RIL@1dee7d4 mFh=Handler (com.android.internal.telephony.uicc.UsimFileHandler) {8837d7d} mParentApp=com.android.internal.telephony.uicc.UiccCardApplication@be6b472 recordsToLoad=0 adnCache=Handler (com.android.internal.telephony.uicc.AdnRecordCache) {e61c0c3} recordsRequested=true lockedRecordsReqReason=0 iccid=893901000[****] msisdnTag= voiceMailNum=null voiceMailTag=null voiceMailNum=null newVoiceMailTag=null isVoiceMailFixed=false mImsi=222016[****] mncLength=2 mailboxIndex=0 spn=null mVmConfigcom.android.internal.telephony.uicc.VoiceMailConstants@22cad40 callForwardingEnabled=-1 spnState=IDLE mCphsInfo=null mCspPlmnEnabled=true efMWIS=[B@c1104c8 efCPHS_MWI=null mEfCff=null mEfCfis=null getOperatorNumeric=22201
01-04 01:16:00.157  2249  2249 D SIMRecords: [SIMRecords-0] setting0 mMncLength-1
01-04 01:16:00.157  2249  2249 D SIMRecords: [SIMRecords-0] SIMRecords: onRadioOffOrNotAvailable set 'gsm.sim.operator.numeric' to operator=null
01-04 01:16:00.157  2249  2249 D SIMRecords: [SIMRecords-0] update icc_operator_numeric=null
01-04 01:16:00.167  2249  2392 D RILJ    : [UNSL]< UNSOL_RESPONSE_SIM_STATUS_CHANGED [PHONE0]
01-04 01:16:00.172  2249  2249 D SubscriptionInfoUpdater: SIM1 hot plug out
01-04 01:16:00.205  2249  3999 D SubscriptionController: [getSlotIndex]- size == 0, return SIM_NOT_INSERTED instead
01-04 01:16:00.206  4525  4552 I Finsky  : [336] ihx.a(7): Updating subscription info and notifying listener, current subscription detail: N/A, previous subscription detail: DataSubscriptionInfo{groupIdLevel1=FFFFFFFFFFFF0FFFFF, serviceProviderName=[bqUCAmNteYM3psTqiFy71HdyeVoyV8MJRRqydobE3ZI], simCarrierId=33}
01-04 01:16:00.211  2249  4021 D SubscriptionController: [getActiveSubscriptionInfoForSimSlotIndex]+ slotIndex=1 subId=null
01-04 01:16:00.211  2249  2249 D MultiSimSettingController: notifySubscriptionInfoChanged
01-04 01:16:00.213  2249  4296 D SubscriptionController: [getActiveSubscriptionInfoForSimSlotIndex]+ slotIndex=0 subId=null
01-04 01:16:00.213  2249  2249 D SubscriptionInfoUpdater: Broadcasting intent ACTION_SIM_STATE_CHANGED ABSENT reason null for phone: 0
01-04 01:16:00.213  2249  2249 D IntentBroadcaster: Broadcasting and adding intent for rebroadcast: android.intent.action.SIM_STATE_CHANGED ABSENT for phoneId 0
01-04 01:16:00.215  2249  2249 D SubscriptionInfoUpdater: Broadcasting intent ACTION_SIM_CARD_STATE_CHANGED ABSENT for phone: 0 slot: 0
01-04 01:16:00.216  1289  1289 D WifiService: resetting networks because SIM was removed
01-04 01:16:00.217  2249  2249 D SubscriptionInfoUpdater: Broadcasting intent ACTION_SIM_APPLICATION_STATE_CHANGED UNKNOWN for phone: 0 slot: 0
01-04 01:16:00.219  2249  2249 D CarrierResolver: [resolveSubscriptionCarrierId] simState: ABSENT
01-04 01:16:00.222  2249  4021 D SubscriptionController: [getActiveSubscriptionInfoForSimSlotIndex]+ slotIndex=0 subId=null
01-04 01:16:00.223  2134  2134 W QImsService: String : SimStateReceiver onReceive subId is not yet active
01-04 01:16:00.223  2249  2548 D SubscriptionController: [getActiveSubscriptionInfoForSimSlotIndex]+ slotIndex=1 subId=null
01-04 01:16:00.224  2134  2134 W QImsService: String : SimStateReceiver onReceive subId is not yet active
01-04 01:16:00.226  4906  5027 I CarrierServices: [389] cnx.c: SIM delay is not enabled
01-04 01:16:00.226  4906  6474 I CarrierServices: [403] cnx.c: SIM delay is not enabled
01-04 01:16:00.226  4906  6474 W CarrierServices: [403] cnt.a: (Sim): process intent: android.intent.action.SIM_STATE_CHANGED
01-04 01:16:00.227  2249  2548 D SubscriptionController: [getActiveSubscriptionInfoForSimSlotIndex]+ slotIndex=0 subId=null
01-04 01:16:00.228  2249  2249 D CarrierConfigLoader: Update config for phoneId: 0 simState: ABSENT
01-04 01:16:00.228  2249  2249 D CarrierSvcBindHelper: update binding for phoneId: 0 simState: ABSENT
01-04 01:16:00.230  2249  2249 D RILJ    : [1149]> GET_SIM_STATUS [PHONE1]
01-04 01:16:00.231  1720  1720 V KeyguardUpdateMonitor: action android.intent.action.SIM_STATE_CHANGED state: ABSENT slotId: 0 subid: -1
01-04 01:16:00.234  2249  4021 D SubscriptionController: [getActiveSubscriptionInfoForSimSlotIndex]+ slotIndex=1 subId=null
01-04 01:16:00.235  2249  2392 D RILJ    : [1149]< GET_SIM_STATUS IccCardState {CARDSTATE_ABSENT,PINSTATE_UNKNOWN,num_apps=0,gsm_id=-1,cdma_id=-1,ims_id=-1,physical_slot_id=1,atr=,iccid=,eid=} [PHONE1]
01-04 01:16:00.236  4906  5027 I CarrierServices: [389] cnt.U: (Sim): Processing an intent
01-04 01:16:00.236  4906  5027 I CarrierServices: [389] cnt.r: (Sim): SIM state ABSENT
01-04 01:16:00.236  4906  5027 I CarrierServices: [389] cnt.F: (Sim): Broadcasting Intent { act=com.google.android.ims.SIM_ABSENT }
01-04 01:16:00.237  2249  2548 D SubscriptionController: [getActiveSubscriptionInfoForSimSlotIndex]+ slotIndex=0 subId=null
01-04 01:16:00.238  2249  2548 D SubscriptionController: [getActiveSubscriptionInfoForSimSlotIndex]+ slotIndex=1 subId=null
01-04 01:16:00.239  4906  5027 I CarrierServices: [389] cnt.U: (Sim): Processing an intent
01-04 01:16:00.239  4906  5027 I CarrierServices: [389] cnt.r: (Sim): Ignoring duplicate SIM state: ABSENT
01-04 01:16:00.239  2249  2249 D RILJ    : [1150]> GET_SIM_STATUS [PHONE0]
01-04 01:16:00.240  2249  2392 D RILJ    : [1150]< GET_SIM_STATUS IccCardState {CARDSTATE_ABSENT,PINSTATE_UNKNOWN,num_apps=0,gsm_id=-1,cdma_id=-1,ims_id=-1,physical_slot_id=0,atr=,iccid=,eid=} [PHONE0]
01-04 01:16:00.241  4906  4906 I CarrierServices: [2] cps.a: Handling SIM removed
01-04 01:16:00.241  1323  1647 W libc    : Unable to set property "odm.ril.radio.status.sim1" to "false": error code: 0x18
01-04 01:16:00.242  1323  1647 W libc    : Unable to set property "odm.ril.radio.status.sim2" to "false": error code: 0x18
01-04 01:16:00.248  4906  4906 E CarrierServices: [2] cpw.h: onSimRemoved: not using a test number at the moment
01-04 01:16:00.249  4906  4906 I CarrierServices: [2] cpw.h: onSimRemoved: isSimLoaded: [false]
01-04 01:16:00.249  4906  4906 I CarrierServices: [2] RcsEngine.onSimRemoved: SIM has been removed.
01-04 01:16:00.250  4906  5012 I CarrierServices: [386] cap.a: Rcs multi sim is disabled because ENABLE_RCS_MULTISIM_V0 disabled
01-04 01:16:00.251  1720  1720 D KeyguardUpdateMonitor: handleSimStateChange(subId=-1, slotId=0, state=1)
01-04 01:16:00.251  1720  1720 W KeyguardUpdateMonitor: invalid subId in handleSimStateChange()
01-04 01:16:00.251  1720  1720 D KeyguardViewMediator: onSimStateChanged(subId=-1, slotId=0,state=1)
01-04 01:16:00.252  4906  5012 I CarrierServices: [386] ath.g: BindingManager: onRcsAvailabilityUpdated = DISABLED_SIM_ABSENT
01-04 01:16:00.253  4906  5012 I CarrierServices: [386] cap.a: RcsAvailabilityManager: Updating Rcs Availability to DISABLED_SIM_ABSENT (RCS is disabled due to SIM absent), sim id changed: false
01-04 01:16:00.254  1289  5798 I Telecom : PhoneAccountRegistrar: New phone account registered: [[ ] PhoneAccount: ComponentInfo{com.android.phone/com.android.services.telephony.TelephonyConnectionService}, ***, UserHandle{0} Capabilities: SuppVideo CallProvider MultiUser PlaceEmerg SimSub  Audio Routes: BESW Schemes: tel voicemail  Extras: Bundle[{android.telecom.extra.SUPPORTS_VIDEO_CALLING_FALLBACK=true}] GroupId: ***]: TSI.rPA@AQI
01-04 01:16:00.256  4906  5002 I CarrierServices: [383] bwx.d: (PEv2-SM): DisabledState: event SIM event [null]
01-04 01:16:00.258  4906  5002 I CarrierServices: [383] cap.a: Rcs multi sim is disabled because ENABLE_RCS_MULTISIM_V0 disabled
01-04 01:16:00.260  4906  5002 I CarrierServices: [383] cap.a: RcsAvailabilityManager: Rcs Availability still DISABLED_SIM_ABSENT (RCS is disabled due to SIM absent)
01-04 01:16:00.272  2249  2249 D SubscriptionController: [getSlotIndex]- size == 0, return SIM_NOT_INSERTED instead
01-04 01:16:00.274  2249  2249 D Phone   : isImsRegistered =false
01-04 01:16:00.277  1289  4420 I Telecom : PhoneAccountRegistrar: New phone account registered: [[ ] PhoneAccount: ComponentInfo{com.android.phone/com.android.services.telephony.TelephonyConnectionService}, ***, UserHandle{0} Capabilities: SuppVideo CallProvider MultiUser PlaceEmerg SimSub  Audio Routes: BESW Schemes: tel voicemail  Extras: Bundle[{android.telecom.extra.SUPPORTS_VIDEO_CALLING_FALLBACK=true}] GroupId: ***]: TSI.rPA@AQM
01-04 01:16:00.284  2249  2249 I Telephony: AccountEntry: Registered phoneAccount: [[ ] PhoneAccount: ComponentInfo{com.android.phone/com.android.services.telephony.TelephonyConnectionService}, ***, UserHandle{0} Capabilities: SuppVideo CallProvider MultiUser PlaceEmerg SimSub  Audio Routes: BESW Schemes: tel voicemail  Extras: Bundle[{android.telecom.extra.SUPPORTS_VIDEO_CALLING_FALLBACK=true}] GroupId: ***] with handle: ComponentInfo{com.android.phone/com.android.services.telephony.TelephonyConnectionService}, ***, UserHandle{0}
01-04 01:16:00.306  2249  2548 D SubscriptionController: [getSlotIndex]- size == 0, return SIM_NOT_INSERTED instead
01-04 01:16:00.306  2249  2249 D Phone   : setVoiceMessageCount: SIM Records not found
01-04 01:16:00.308  2249  2249 D MultiSimSettingController: onSubscriptionsChanged
01-04 01:16:00.308  2249  2249 D MultiSimSettingController: updateDefaults
01-04 01:16:00.309  2249  2249 D MultiSimSettingController: [updateDefaultValues] No active sub. Setting default to INVALID sub.
01-04 01:16:00.315  1289  1289 D WifiService: resetting networks as default data SIM is changed
01-04 01:16:00.316  4906  6474 W CarrierServices: [403] cnt.V: (Sim): Unexpected action: android.intent.action.ACTION_DEFAULT_DATA_SUBSCRIPTION_CHANGED
01-04 01:16:00.318  4906  6474 W CarrierServices: [403] cnt.V: (Sim): Unexpected action: android.intent.action.ACTION_DEFAULT_VOICE_SUBSCRIPTION_CHANGED
01-04 01:16:00.326  2249  2249 D SAT     : [0]onSimAbsent, reset activation state to UNKNOWN
01-04 01:16:00.327  2249  2249 D SAT     : [1]onSimAbsent, reset activation state to UNKNOWN
01-04 01:16:00.330  2249  2249 D CAT     : StkAppService: onStart sim id: 0, op: 7, *****
01-04 01:16:00.330  2249  2249 I VvmSimStateTracker: android.intent.action.SIM_STATE_CHANGED
01-04 01:16:00.330  2249  3237 D CAT     : StkAppService: handleMessage opcode[7], sim id[0]
01-04 01:16:00.331  2249  2249 I VvmSimStateTracker: Sim removed on ComponentInfo{com.android.phone/com.android.services.telephony.TelephonyConnectionService}, ***, UserHandle{0}
01-04 01:16:00.347  1289  4420 I Telecom : CallsManager: handlePhoneAccountChanged: phoneAccount=[[X] PhoneAccount: ComponentInfo{com.android.phone/com.android.services.telephony.TelephonyConnectionService}, ***, UserHandle{0} Capabilities: SuppVideo CallProvider MultiUser PlaceEmerg SimSub  Audio Routes: BESW Schemes: tel voicemail  Extras: Bundle[{android.telecom.extra.SUPPORTS_VIDEO_CALLING_FALLBACK=true}] GroupId: ***]: TSI.rPA@ARg
01-04 01:16:00.352  2249  2249 D MultiSimSettingController: onDefaultDataSettingChanged
01-04 01:16:00.355  2249  2249 D CarrierActionAgent: [0]EVENT_SIM_STATE_CHANGED status: ABSENT
01-04 01:16:00.358  2249  2249 D CarrierActionAgent: [1]EVENT_SIM_STATE_CHANGED status: ABSENT
01-04 01:16:00.359  2249  2249 D ONS     : SIM state changed
01-04 01:16:00.360  2249  2249 D DCT-C-0 : onSimStateUpdated: state=ABSENT
01-04 01:16:00.360  2249  2249 D DCT-C-0 : onSimAbsent
01-04 01:16:00.360  2249  2249 D DCT-C-0 : cleanUpAllConnectionsInternal: detach=true reason=simNotReady
01-04 01:16:00.361  2249  2249 D DCT-C-0 : cleanUpConnectionInternal: X detach=true reason=simNotReady apnContext={mApnType=xcap mState=IDLE mWaitingApns={null priority=3} mApnSetting={null} mReason=simNotReady mDataEnabled=false} dc=null
01-04 01:16:00.361  2249  2249 D DCT-C-0 : cleanUpConnectionInternal: X detach=true reason=simNotReady apnContext={mApnType=mcx mState=IDLE mWaitingApns={null priority=3} mApnSetting={null} mReason=simNotReady mDataEnabled=false} dc=null
01-04 01:16:00.361  2249  2249 D DCT-C-0 : cleanUpConnectionInternal: X detach=true reason=simNotReady apnContext={mApnType=fota mState=IDLE mWaitingApns={null priority=2} mApnSetting={null} mReason=simNotReady mDataEnabled=false} dc=null
01-04 01:16:00.361  2249  2249 D DCT-C-0 : cleanUpConnectionInternal: X detach=true reason=simNotReady apnContext={mApnType=supl mState=IDLE mWaitingApns={null priority=2} mApnSetting={null} mReason=simNotReady mDataEnabled=false} dc=null
01-04 01:16:00.361  2249  2249 D DCT-C-0 : cleanUpConnectionInternal: X detach=true reason=simNotReady apnContext={mApnType=emergency mState=IDLE mWaitingApns={null priority=2} mApnSetting={null} mReason=simNotReady mDataEnabled=false} dc=null
01-04 01:16:00.361  2249  2249 D DCT-C-0 : cleanUpConnectionInternal: X detach=true reason=simNotReady apnContext={mApnType=hipri mState=IDLE mWaitingApns={null priority=3} mApnSetting={null} mReason=simNotReady mDataEnabled=false} dc=null
01-04 01:16:00.361  2249  2249 D DCT-C-0 : cleanUpConnectionInternal: X detach=true reason=simNotReady apnContext={mApnType=ims mState=IDLE mWaitingApns={null priority=2} mApnSetting={null} mReason=simNotReady mDataEnabled=true} dc=null
